root@shubhra:~# cd ~
root@shubhra:~# ls
LinuxAssignment
root@shubhra:~# cd LinuxAssignment
root@shubhra:~/LinuxAssignment# touch file1.txt
root@shubhra:~/LinuxAssignment# cat file1.txt
root@shubhra:~/LinuxAssignment# mkdir docs
mkdir: cannot create directory ‘docs’: File exists
root@shubhra:~/LinuxAssignment# rmdir docs
rmdir: failed to remove 'docs': Not a directory
root@shubhra:~/LinuxAssignment# rm docs
root@shubhra:~/LinuxAssignment# ls
file1.txt
root@shubhra:~/LinuxAssignment# mkdir docs
root@shubhra:~/LinuxAssignment# cp file1.txt docs/file2.txt
root@shubhra:~/LinuxAssignment# ls
docs  file1.txt
root@shubhra:~/LinuxAssignment# cd docs
root@shubhra:~/LinuxAssignment/docs# ls
file2.txt
root@shubhra:~/LinuxAssignment/docs# chmod 744 docs/file2.txt
chmod: cannot access 'docs/file2.txt': No such file or directory
root@shubhra:~/LinuxAssignment/docs# cd ..
root@shubhra:~/LinuxAssignment# chmod 744 docs/file2.txt
root@shubhra:~/LinuxAssignment# sudo chown $(whoami) docs/file2.txt
root@shubhra:~/LinuxAssignment# ls
docs  file1.txt
root@shubhra:~/LinuxAssignment# cd LinuxAssignment
-bash: cd: LinuxAssignment: No such file or directory
root@shubhra:~/LinuxAssignment# cd ..
root@shubhra:~# cd LinuxAssignment
root@shubhra:~/LinuxAssignment# ls
docs  file1.txt
root@shubhra:~/LinuxAssignment# cd docs
root@shubhra:~/LinuxAssignment/docs# ls
file2.txt
root@shubhra:~/LinuxAssignment/docs# find . -name ".txt"
root@shubhra:~/LinuxAssignment/docs# grep '<word>' <filename>
-bash: syntax error near unexpected token `newline'
root@shubhra:~/LinuxAssignment/docs# grep '<word>' file
grep: file: No such file or directory
root@shubhra:~/LinuxAssignment/docs# date
Wed Feb 26 19:47:44 UTC 2025
root@shubhra:~/LinuxAssignment/docs# hostname -I
172.20.121.200
root@shubhra:~/LinuxAssignment/docs# ping www.google.com
PING www.google.com (142.250.182.228) 56(84) bytes of data.
64 bytes from bom07s29-in-f4.1e100.net (142.250.182.228): icmp_seq=1 ttl=117 time=24.9 ms
64 bytes from bom07s29-in-f4.1e100.net (142.250.182.228): icmp_seq=2 ttl=117 time=26.5 ms
64 bytes from bom07s29-in-f4.1e100.net (142.250.182.228): icmp_seq=3 ttl=117 time=24.7 ms
64 bytes from bom07s29-in-f4.1e100.net (142.250.182.228): icmp_seq=4 ttl=117 time=24.0 ms
64 bytes from bom07s29-in-f4.1e100.net (142.250.182.228): icmp_seq=5 ttl=117 time=24.2 ms
64 bytes from bom07s29-in-f4.1e100.net (142.250.182.228): icmp_seq=6 ttl=117 time=24.5 ms
64 bytes from bom07s29-in-f4.1e100.net (142.250.182.228): icmp_seq=7 ttl=117 time=24.4 ms
64 bytes from bom07s29-in-f4.1e100.net (142.250.182.228): icmp_seq=8 ttl=117 time=24.2 ms
^C
--- www.google.com ping statistics ---
8 packets transmitted, 8 received, 0% packet loss, time 7616ms
rtt min/avg/max/mdev = 23.987/24.660/26.483/0.747 ms
root@shubhra:~/LinuxAssignment/docs# zip -r docs.zip docs
Command 'zip' not found, but can be installed with:
apt install zip
root@shubhra:~/LinuxAssignment/docs# apt install zip
Reading package lists... Done
Building dependency tree... Done
Reading state information... Done
The following additional packages will be installed:
  unzip
The following NEW packages will be installed:
  unzip zip
0 upgraded, 2 newly installed, 0 to remove and 117 not upgraded.
Need to get 350 kB of archives.
After this operation, 933 kB of additional disk space will be used.
Do you want to continue? [Y/n] y
Get:1 http://archive.ubuntu.com/ubuntu noble-updates/main amd64 unzip amd646.0-28ubuntu4.1 [174 kB]
Get:2 http://archive.ubuntu.com/ubuntu noble-updates/main amd64 zip amd64 3.0-13ubuntu0.2 [176 kB]
Fetched 350 kB in 2s (175 kB/s)
Selecting previously unselected package unzip.
(Reading database ... 40794 files and directories currently installed.)
Preparing to unpack .../unzip_6.0-28ubuntu4.1_amd64.deb ...
Unpacking unzip (6.0-28ubuntu4.1) ...
Selecting previously unselected package zip.
Preparing to unpack .../zip_3.0-13ubuntu0.2_amd64.deb ...
Unpacking zip (3.0-13ubuntu0.2) ...
Setting up unzip (6.0-28ubuntu4.1) ...
Setting up zip (3.0-13ubuntu0.2) ...
Processing triggers for man-db (2.12.0-4build2) ...
root@shubhra:~/LinuxAssignment/docs# zip -r docs.zip docs
        zip warning: name not matched: docs

zip error: Nothing to do! (try: zip -r docs.zip . -i docs)
root@shubhra:~/LinuxAssignment/docs# cd ..
root@shubhra:~/LinuxAssignment# zip -r docs.zip docs
  adding: docs/ (stored 0%)
  adding: docs/file2.txt (stored 0%)
root@shubhra:~/LinuxAssignment# unzip docs.zip -d extracted_docs
Archive:  docs.zip
   creating: extracted_docs/docs/
 extracting: extracted_docs/docs/file2.txt
root@shubhra:~/LinuxAssignment# ls
docs  docs.zip  extracted_docs  file1.txt
root@shubhra:~/LinuxAssignment# nano file1.txt
root@shubhra:~/LinuxAssignment# ls
docs  docs.zip  extracted_docs  file1.txt
root@shubhra:~/LinuxAssignment# cat file1.txt
shubhra jyotsna manhar

root@shubhra:~/LinuxAssignment# nano file1.txt
root@shubhra:~/LinuxAssignment# ls
docs  docs.zip  extracted_docs  file1.txt
root@shubhra:~/LinuxAssignment# sed -i 's/good/excellent/g' file1.txt
root@shubhra:~/LinuxAssignment# ls
docs  docs.zip  extracted_docs  file1.txt
root@shubhra:~/LinuxAssignment# cat file1.txt
excellent work
root@shubhra:~/LinuxAssignment# sed -i 's/excellent/amazing/g' file1.txt
root@shubhra:~/LinuxAssignment# cat file1.txt
amazing work
root@shubhra:~/LinuxAssignment# ls
docs  docs.zip  extracted_docs  file1.txt
root@shubhra:~/LinuxAssignment# ls -ls > output.txt
root@shubhra:~/LinuxAssignment# ls
docs  docs.zip  extracted_docs  file1.txt  output.txt
root@shubhra:~/LinuxAssignment# cat output.txt
total 16
4 drwxr-xr-x 2 root root 4096 Feb 26 18:38 docs
4 -rw-r--r-- 1 root root  316 Feb 26 19:51 docs.zip
4 drwxr-xr-x 3 root root 4096 Feb 26 19:52 extracted_docs
4 -rw-r--r-- 1 root root   13 Feb 26 20:02 file1.txt
0 -rw-r--r-- 1 root root    0 Feb 26 20:09 output.txt
root@shubhra:~/LinuxAssignment#
