cdac@shubhra:~$ ls
que2
cdac@shubhra:~$ cd que2
cdac@shubhra:~/que2$ touch data.txt
cdac@shubhra:~/que2$ nano data.txt
cdac@shubhra:~/que2$ head -n 10 data.txt
apple
banana
mango
orange
melon
papaya
strawberry
kiwi
grapes
guava
cdac@shubhra:~/que2$ tail -n 5 data.txt
kiwi
grapes
guava
bluebberry
dragonfruit
cdac@shubhra:~/que2$ touch numbers.txt
cdac@shubhra:~/que2$ nano numbers.txt
cdac@shubhra:~/que2$ head -n 15 numbers.txt
1
2
3
4
5
6
7
8
9
10
11
12
13
14
15
cdac@shubhra:~/que2$ tails -n 3 numbers.txt
Command 'tails' not found, did you mean:
  command 'tail' from deb coreutils (9.4-2ubuntu2)
  command 'rails' from deb ruby-railties (2:6.1.7.3+dfsg-2build1)
Try: sudo apt install <deb name>
cdac@shubhra:~/que2$ tail -n 3 numbers.txt
19
20

cdac@shubhra:~/que2$ nano numbers.txt
cdac@shubhra:~/que2$ tail -n 3 numbers.txt
18
19
20
cdac@shubhra:~/que2$ touch input.txt
cdac@shubhra:~/que2$ nano input.txt
cdac@shubhra:~/que2$ cat input.txt
Shubhra Jyotsna Manhar
cdac@shubhra:~/que2$ tr '[:lower:]' '[:upper:]'< input.txt > output.txt
cdac@shubhra:~/que2$ ls
data.txt  input.txt  numbers.txt  output.txt
cdac@shubhra:~/que2$ cat output.txt
SHUBHRA JYOTSNA MANHAR
cdac@shubhra:~/que2$ touch duplicate.txt
cdac@shubhra:~/que2$ nano duplicate.txt
cdac@shubhra:~/que2$ cat duplicate.txt
donut
cake
bread
chocolate
coffee
cake
cdac@shubhra:~/que2$ sort duplicate.txt | uniq
bread
cake
chocolate
coffee
donut
cdac@shubhra:~/que2$ touch fruit.txt
cdac@shubhra:~/que2$ nano fruit.txt
cdac@shubhra:~/que2$ cat fruit.txt
apple
kiwi
melon
mango
apple
mango
mango
melon
kiwi
kiwi
kiwi

cdac@shubhra:~/que2$ sort fruit.txt | uniq -c
      1
      2 apple
      4 kiwi
      3 mango
      1 melon
      1 melon
cdac@shubhra:~/que2$ nano fruit.txt
cdac@shubhra:~/que2$ sort fruit.txt | uniq -c
      2 apple
      4 kiwi
      3 mango
      2 melon
cdac@shubhra:~/que2$
